test_aggregate_partition (test_arena_benchmark_candidate.CandidateTests.test_aggregate_partition) ... ok
test_all_controls_same_starting_observation (test_arena_benchmark_candidate.CandidateTests.test_all_controls_same_starting_observation) ... ok
test_bounded_explicit_stop (test_arena_benchmark_candidate.CandidateTests.test_bounded_explicit_stop) ... ok
test_bounded_replacement_explicit (test_arena_benchmark_candidate.CandidateTests.test_bounded_replacement_explicit) ... ok
test_clean_short_and_empty_distinct (test_arena_benchmark_candidate.CandidateTests.test_clean_short_and_empty_distinct) ... ok
test_fake_transport_wire_and_repairs (test_arena_benchmark_candidate.CandidateTests.test_fake_transport_wire_and_repairs) ... ok
test_focused_preparation_and_outcome_evaluator (test_arena_benchmark_candidate.CandidateTests.test_focused_preparation_and_outcome_evaluator) ... ERROR
test_four_requests_two_repairs (test_arena_benchmark_candidate.CandidateTests.test_four_requests_two_repairs) ... ok
test_global_budget_hook_restored (test_arena_benchmark_candidate.CandidateTests.test_global_budget_hook_restored) ... ok
test_ordering_and_extra_fields (test_arena_benchmark_candidate.CandidateTests.test_ordering_and_extra_fields) ... ok
test_partial_ap_rejected (test_arena_benchmark_candidate.CandidateTests.test_partial_ap_rejected) ... ok
test_prompt_core_and_wire (test_arena_benchmark_candidate.CandidateTests.test_prompt_core_and_wire) ... ok
test_provider_failure_preserves_prefix (test_arena_benchmark_candidate.CandidateTests.test_provider_failure_preserves_prefix) ... ok
test_repair_exhaustion (test_arena_benchmark_candidate.CandidateTests.test_repair_exhaustion) ... ok
test_replacement_clean_short (test_arena_benchmark_candidate.CandidateTests.test_replacement_clean_short) ... ok
test_response_fixtures (test_arena_benchmark_candidate.CandidateTests.test_response_fixtures) ... ok
test_second_invalidity_no_third_request (test_arena_benchmark_candidate.CandidateTests.test_second_invalidity_no_third_request) ... ok
test_six_entries_full_ap_then_stop (test_arena_benchmark_candidate.CandidateTests.test_six_entries_full_ap_then_stop) ... ok
test_step_cardinality_and_common_first_legality (test_arena_benchmark_candidate.CandidateTests.test_step_cardinality_and_common_first_legality) ... ok
test_stepwise_full_budget_bounded_requests (test_arena_benchmark_candidate.CandidateTests.test_stepwise_full_budget_bounded_requests) ... ok
test_stepwise_stop (test_arena_benchmark_candidate.CandidateTests.test_stepwise_stop) ... ok
test_stepwise_terminal_no_more_decisions (test_arena_benchmark_candidate.CandidateTests.test_stepwise_terminal_no_more_decisions) ... ok
test_stop_only_all_modes (test_arena_benchmark_candidate.CandidateTests.test_stop_only_all_modes) ... ok
test_strict_explicit_stop (test_arena_benchmark_candidate.CandidateTests.test_strict_explicit_stop) ... ok
test_terminal_suppresses_stop_and_suffix (test_arena_benchmark_candidate.CandidateTests.test_terminal_suppresses_stop_and_suffix) ... ok
test_unreached_stop_is_not_intent (test_arena_benchmark_candidate.CandidateTests.test_unreached_stop_is_not_intent) ... ok
test_zero_ap_no_request (test_arena_benchmark_candidate.CandidateTests.test_zero_ap_no_request) ... ok
test_controls_and_replacement (test_arena_candidate_repair.RepairTests.test_controls_and_replacement) ... ok
test_endturn_escape_still_legal (test_arena_candidate_repair.RepairTests.test_endturn_escape_still_legal) ... ok
test_failed_malformed_repair_telemetry (test_arena_candidate_repair.RepairTests.test_failed_malformed_repair_telemetry) ... ok
test_live_gate_and_frozen_runner (test_arena_candidate_repair.RepairTests.test_live_gate_and_frozen_runner) ... ok
test_malformed (test_arena_candidate_repair.RepairTests.test_malformed) ... ok
test_no_state_mutation_or_later_geometry_check (test_arena_candidate_repair.RepairTests.test_no_state_mutation_or_later_geometry_check) ... ok
test_old_payload_exact (test_arena_candidate_repair.RepairTests.test_old_payload_exact) ... ok
test_ollama_binding_shared (test_arena_candidate_repair.RepairTests.test_ollama_binding_shared) ... ok
test_original_endturn_wrapper_error (test_arena_candidate_repair.RepairTests.test_original_endturn_wrapper_error) ... ok
test_partial_ap (test_arena_candidate_repair.RepairTests.test_partial_ap) ... ok
test_provider_failure_stops_without_retry (test_arena_candidate_repair.RepairTests.test_provider_failure_stops_without_retry) ... ok
test_repeated_range_and_ap_failures (test_arena_candidate_repair.RepairTests.test_repeated_range_and_ap_failures) ... ok
test_single_action_cardinality (test_arena_candidate_repair.RepairTests.test_single_action_cardinality) ... ok
test_six_forensic_payloads_and_fake_corrections (test_arena_candidate_repair.RepairTests.test_six_forensic_payloads_and_fake_corrections) ... ok
test_status_and_los (test_arena_candidate_repair.RepairTests.test_status_and_los) ... ok
test_suffix_trim (test_arena_candidate_repair.RepairTests.test_suffix_trim) ... ok
test_unknown_reference_redaction (test_arena_candidate_repair.RepairTests.test_unknown_reference_redaction) ... ok
test_all_frozen_tactical_behaviors_and_legal_suffixes (test_arena_heuristic_v2.HeuristicV2Tests.test_all_frozen_tactical_behaviors_and_legal_suffixes) ... ok
test_ap_and_no_loops (test_arena_heuristic_v2.HeuristicV2Tests.test_ap_and_no_loops) ... ok
test_bash_denial_and_siege_are_contextual (test_arena_heuristic_v2.HeuristicV2Tests.test_bash_denial_and_siege_are_contextual) ... ok
test_deterministic_detached_and_stable_ties (test_arena_heuristic_v2.HeuristicV2Tests.test_deterministic_detached_and_stable_ties) ... ok
test_does_not_claim_suicidal_power (test_arena_heuristic_v2.HeuristicV2Tests.test_does_not_claim_suicidal_power) ... ok
test_ends_when_no_productive_action_exists (test_arena_heuristic_v2.HeuristicV2Tests.test_ends_when_no_productive_action_exists) ... ok
test_explicit_versions_defaults_and_session_no_network (test_arena_heuristic_v2.HeuristicV2Tests.test_explicit_versions_defaults_and_session_no_network) ... ok
test_heal_and_no_friendly_fire_down (test_arena_heuristic_v2.HeuristicV2Tests.test_heal_and_no_friendly_fire_down) ... ok
test_http_v2_uses_standard_presentation_events (test_arena_heuristic_v2.HeuristicV2Tests.test_http_v2_uses_standard_presentation_events) ... ok
test_metrics_do_not_count_end_turn_as_occupancy_action (test_arena_heuristic_v2.HeuristicV2Tests.test_metrics_do_not_count_end_turn_as_occupancy_action) ... ok
test_mixed_controller_versions_do_not_silently_switch (test_arena_heuristic_v2.HeuristicV2Tests.test_mixed_controller_versions_do_not_silently_switch) ... ok
test_open_center_advances_and_claims_power (test_arena_heuristic_v2.HeuristicV2Tests.test_open_center_advances_and_claims_power) ... ok
test_revived_ally_can_act_and_core_emergency_dominates (test_arena_heuristic_v2.HeuristicV2Tests.test_revived_ally_can_act_and_core_emergency_dominates) ... ok
test_routes_match_authoritative_bfs_and_los (test_arena_heuristic_v2.HeuristicV2Tests.test_routes_match_authoritative_bfs_and_los) ... ok
test_siege_approach_enables_core_attack (test_arena_heuristic_v2.HeuristicV2Tests.test_siege_approach_enables_core_attack) ... ok
test_ward_safety_and_attack_vs_position (test_arena_heuristic_v2.HeuristicV2Tests.test_ward_safety_and_attack_vs_position) ... ok
test_command_roundtrips_and_hashes (test_arena_v1.ArenaPersistenceTests.test_command_roundtrips_and_hashes) ... ok
test_command_schema_rejects_foreign_extra_and_malformed_fields (test_arena_v1.ArenaPersistenceTests.test_command_schema_rejects_foreign_extra_and_malformed_fields) ... ok
test_foreign_engine_commands_rejected_without_mutation (test_arena_v1.ArenaPersistenceTests.test_foreign_engine_commands_rejected_without_mutation) ... ok
test_hash_independent_of_entity_dictionary_order (test_arena_v1.ArenaPersistenceTests.test_hash_independent_of_entity_dictionary_order) ... ok
test_midturn_snapshot_preserves_hp_core_ap_and_has_no_effects (test_arena_v1.ArenaPersistenceTests.test_midturn_snapshot_preserves_hp_core_ap_and_has_no_effects) ... ok
test_no_legal_actions_at_zero_ap_or_terminal (test_arena_v1.ArenaPersistenceTests.test_no_legal_actions_at_zero_ap_or_terminal) ... ok
test_public_dto_full_information_detached_actions_authoritative (test_arena_v1.ArenaPersistenceTests.test_public_dto_full_information_detached_actions_authoritative) ... ok
test_replay_all_command_types_and_trace_derived_metrics (test_arena_v1.ArenaPersistenceTests.test_replay_all_command_types_and_trace_derived_metrics) ... ok
test_replay_detects_tampering_and_trace_is_detached (test_arena_v1.ArenaPersistenceTests.test_replay_detects_tampering_and_trace_is_detached) ... ok
test_replay_rejects_boolean_counter_even_when_equal_to_integer (test_arena_v1.ArenaPersistenceTests.test_replay_rejects_boolean_counter_even_when_equal_to_integer) ... ok
test_snapshot_strict_schema_versions_duplicate_ids_and_hp (test_arena_v1.ArenaPersistenceTests.test_snapshot_strict_schema_versions_duplicate_ids_and_hp) ... ok
test_terminal_snapshot_preserves_winner_and_core (test_arena_v1.ArenaPersistenceTests.test_terminal_snapshot_preserves_winner_and_core) ... ok
test_trace_failed_command_does_not_append_or_mutate (test_arena_v1.ArenaPersistenceTests.test_trace_failed_command_does_not_append_or_mutate) ... ok
test_attack_rejects_friendly_own_core_unknown_and_enemy_actor_unit (test_arena_v1.ArenaRuleTests.test_attack_rejects_friendly_own_core_unknown_and_enemy_actor_unit) ... ok
test_blocked_tiles_and_occupied_units_block_transit (test_arena_v1.ArenaRuleTests.test_blocked_tiles_and_occupied_units_block_transit) ... ok
test_chebyshev_attack_range (test_arena_v1.ArenaRuleTests.test_chebyshev_attack_range) ... ok
test_cleric_self_heal (test_arena_v1.ArenaRuleTests.test_cleric_self_heal) ... ok
test_commands_are_frozen_and_validate_inputs (test_arena_v1.ArenaRuleTests.test_commands_are_frozen_and_validate_inputs) ... ok
test_complete_scenario_core_victory_replays_without_extra_turn (test_arena_v1.ArenaRuleTests.test_complete_scenario_core_victory_replays_without_extra_turn) ... ok
test_death_removes_unit_immediately (test_arena_v1.ArenaRuleTests.test_death_removes_unit_immediately) ... ok
test_each_class_attack_range_damage_ap_and_no_retaliation (test_arena_v1.ArenaRuleTests.test_each_class_attack_range_damage_ap_and_no_retaliation) ... ok
test_each_class_move_range_cost_is_one (test_arena_v1.ArenaRuleTests.test_each_class_move_range_cost_is_one) ... ok
test_elimination_victory_and_every_post_terminal_command_rejected (test_arena_v1.ArenaRuleTests.test_elimination_victory_and_every_post_terminal_command_rejected) ... ok
test_heal_friendly_amount_clamping_and_ap (test_arena_v1.ArenaRuleTests.test_heal_friendly_amount_clamping_and_ap) ... ok
test_heal_rejects_enemy_core_full_dead_out_of_range_and_non_cleric (test_arena_v1.ArenaRuleTests.test_heal_rejects_enemy_core_full_dead_out_of_range_and_non_cleric) ... ok
test_inactive_and_unknown_actor_cannot_act_or_end (test_arena_v1.ArenaRuleTests.test_inactive_and_unknown_actor_cannot_act_or_end) ... ok
test_minimum_unit_damage_one (test_arena_v1.ArenaRuleTests.test_minimum_unit_damage_one) ... ok
test_move_out_of_bounds_occupied_core_enemy_and_noop (test_arena_v1.ArenaRuleTests.test_move_out_of_bounds_occupied_core_enemy_and_noop) ... ok
test_path_tie_order_diagonals_and_corner_cutting (test_arena_v1.ArenaRuleTests.test_path_tie_order_diagonals_and_corner_cutting) ... ok
test_power_and_ward_additive_damage (test_arena_v1.ArenaRuleTests.test_power_and_ward_additive_damage) ... ok
test_ranged_attacks_ignore_blocked_los (test_arena_v1.ArenaRuleTests.test_ranged_attacks_ignore_blocked_los) ... ok
test_red_can_win_without_wrap (test_arena_v1.ArenaRuleTests.test_red_can_win_without_wrap) ... ok
test_shared_ap_repeated_actions_zero_ap_and_manual_end (test_arena_v1.ArenaRuleTests.test_shared_ap_repeated_actions_zero_ap_and_manual_end) ... ok
test_siege_only_affects_core_power_affects_core_ward_does_not (test_arena_v1.ArenaRuleTests.test_siege_only_affects_core_power_affects_core_ward_does_not) ... ok
test_zero_ap_heal_rejected (test_arena_v1.ArenaRuleTests.test_zero_ap_heal_rejected) ... ok
test_all_bonus_types_and_blockers_exist (test_arena_v1.ArenaSetupTests.test_all_bonus_types_and_blockers_exist) ... ok
test_core_and_player_validation (test_arena_v1.ArenaSetupTests.test_core_and_player_validation) ... ok
test_deterministic_initial_hash_and_board_serialization (test_arena_v1.ArenaSetupTests.test_deterministic_initial_hash_and_board_serialization) ... ok
test_entity_validation_and_identity (test_arena_v1.ArenaSetupTests.test_entity_validation_and_identity) ... ok
test_invalid_board_shapes_tiles_and_types (test_arena_v1.ArenaSetupTests.test_invalid_board_shapes_tiles_and_types) ... ok
test_scenario_roster_dimensions_and_unique_occupancy (test_arena_v1.ArenaSetupTests.test_scenario_roster_dimensions_and_unique_occupancy) ... ok
test_setup_and_board_are_left_right_mirrored (test_arena_v1.ArenaSetupTests.test_setup_and_board_are_left_right_mirrored) ... ok
test_state_rejects_inconsistent_dynamic_fields (test_arena_v1.ArenaSetupTests.test_state_rejects_inconsistent_dynamic_fields) ... ok
test_stats_are_centralized_and_immutable (test_arena_v1.ArenaSetupTests.test_stats_are_centralized_and_immutable) ... ok
test_unknown_scenario_rejected (test_arena_v1.ArenaSetupTests.test_unknown_scenario_rejected) ... ok
test_bound_and_provider_failure_are_results (test_arena_fullmatch.FullMatchTests.test_bound_and_provider_failure_are_results) ... ok
test_budget_denies_repair_without_counting_denial (test_arena_fullmatch.FullMatchTests.test_budget_denies_repair_without_counting_denial) ... ok
test_ceiling_disables_only_affected_provider (test_arena_fullmatch.FullMatchTests.test_ceiling_disables_only_affected_provider) ... ok
test_cli_loads_effective_settings_without_inference (test_arena_fullmatch.FullMatchTests.test_cli_loads_effective_settings_without_inference) ... ok
test_failed_repair_partial_match (test_arena_fullmatch.FullMatchTests.test_failed_repair_partial_match) ... ok
test_frozen_contracts_remain_distinct (test_arena_fullmatch.FullMatchTests.test_frozen_contracts_remain_distinct) ... ok
test_full_offline_match_and_tampered_observation (test_arena_fullmatch.FullMatchTests.test_full_offline_match_and_tampered_observation) ... ok
test_independent_failures_continue_all_eight_no_retries (test_arena_fullmatch.FullMatchTests.test_independent_failures_continue_all_eight_no_retries) ... ok
test_integrity_failure_stops_stage_b_and_other_provider (test_arena_fullmatch.FullMatchTests.test_integrity_failure_stops_stage_b_and_other_provider) ... ok
test_midturn_budget_preserves_prefix_and_exact_replay (test_arena_fullmatch.FullMatchTests.test_midturn_budget_preserves_prefix_and_exact_replay) ... ok
test_source_guard_before_transport (test_arena_fullmatch.FullMatchTests.test_source_guard_before_transport) ... ok
test_accounting_defect_hard_stops_without_extra_requests (test_arena_repair_fullmatch.RepairFullMatchTests.test_accounting_defect_hard_stops_without_extra_requests) ... ok
test_ceiling_preserves_prefix_no_repair_request_overflow (test_arena_repair_fullmatch.RepairFullMatchTests.test_ceiling_preserves_prefix_no_repair_request_overflow) ... ok
test_corrupt_control_blocks_second_arm (test_arena_repair_fullmatch.RepairFullMatchTests.test_corrupt_control_blocks_second_arm) ... ok
test_cumulative_arm_ceiling_and_independent_later_pairs (test_arena_repair_fullmatch.RepairFullMatchTests.test_cumulative_arm_ceiling_and_independent_later_pairs) ... ok
test_endturn_abandons_available_nonmove_actions (test_arena_repair_fullmatch.RepairFullMatchTests.test_endturn_abandons_available_nonmove_actions) ... ok
test_failed_repair_stops_with_exact_partial_replay (test_arena_repair_fullmatch.RepairFullMatchTests.test_failed_repair_stops_with_exact_partial_replay) ... ok
test_pairing_manifest_and_defaults (test_arena_repair_fullmatch.RepairFullMatchTests.test_pairing_manifest_and_defaults) ... ok
test_preflight_failure_is_one_request_no_repair_or_matches (test_arena_repair_fullmatch.RepairFullMatchTests.test_preflight_failure_is_one_request_no_repair_or_matches) ... ok
test_preparation_rejects_missing_git_provenance (test_arena_repair_fullmatch.RepairFullMatchTests.test_preparation_rejects_missing_git_provenance) ... ok
test_repaired_endturn_and_initial_invalid_retained (test_arena_repair_fullmatch.RepairFullMatchTests.test_repaired_endturn_and_initial_invalid_retained) ... ok
test_source_guard_rejects_second_arm_before_transport (test_arena_repair_fullmatch.RepairFullMatchTests.test_source_guard_rejects_second_arm_before_transport) ... ok
test_successful_repaired_nonempty_action (test_arena_repair_fullmatch.RepairFullMatchTests.test_successful_repaired_nonempty_action) ... ok
test_two_explicit_arms_and_offline_comparison (test_arena_repair_fullmatch.RepairFullMatchTests.test_two_explicit_arms_and_offline_comparison) ... ok
test_v2_cannot_run_before_control (test_arena_repair_fullmatch.RepairFullMatchTests.test_v2_cannot_run_before_control) ... ok
test_wrong_version_and_source_change_stop_before_transport (test_arena_repair_fullmatch.RepairFullMatchTests.test_wrong_version_and_source_change_stop_before_transport) ... ok

======================================================================
ERROR: test_focused_preparation_and_outcome_evaluator (test_arena_benchmark_candidate.CandidateTests.test_focused_preparation_and_outcome_evaluator)
----------------------------------------------------------------------
Traceback (most recent call last):
  File "C:\code\aig\tests\test_arena_benchmark_candidate.py", line 275, in test_focused_preparation_and_outcome_evaluator
    suite=verify_preparation()
  File "C:\code\aig\backend\aig\arena\candidate_validation.py", line 66, in verify_preparation
    raise ValueError('candidate preparation drift')
ValueError: candidate preparation drift

----------------------------------------------------------------------
Ran 131 tests in 188.017s

FAILED (errors=1)
